// Jest Snapshot v1, https://goo.gl/fbAQLP

exports[`Paper - component matches snapshot 1`] = `
<DocumentFragment>
  <div
    class="MuiPaper-root-4 MuiPaper-elevation0-6 MuiPaper-rounded-5 CustomPaper-root-1 CustomPaper-outlined-3"
  />
</DocumentFragment>
`;
